Microsoft Windows [Version 10.0.19045.5131]
(c) Microsoft Corporation. All rights reserved.

C:\Users\user1>mysql -u root -p
Enter password: *******
Welcome to the MySQL monitor.  Commands end with ; or \g.
Your MySQL connection id is 16
Server version: 8.0.40 MySQL Community Server - GPL

Copyright (c) 2000, 2024, Oracle and/or its affiliates.

Oracle is a registered trademark of Oracle Corporation and/or its
affiliates. Other names may be trademarks of their respective
owners.

Type 'help;' or '\h' for help. Type '\c' to clear the current input statement.

mysql> create database khtdb:
    -> CREATE DATABASE KHTDB;
ERROR 1064 (42000): You have an error in your SQL syntax; check the manual that corresponds to your MySQL server version for the right syntax to use near ':
CREATE DATABASE KHTDB' at line 1
mysql> CREATE DATABASE KHTDB
    -> ^C
    -> CREATE USER 'kht'@'%' IDENTIFIED BY 'kht1234;'
    -> ^C
mysql> CREATE USER 'kht'@'%' IDENTIFIED BY 'kht1234';
Query OK, 0 rows affected (0.01 sec)

mysql>  GRANT ALL PRIVILEGES ON KHTDB.* TO 'kht'@'%';
Query OK, 0 rows affected (0.00 sec)

mysql> FLUSH PRIVILEGES;
Query OK, 0 rows affected (0.00 sec)

mysql> SELECT CURRENT_DATE;
+--------------+
| CURRENT_DATE |
+--------------+
| 2024-12-13   |
+--------------+
1 row in set (0.00 sec)

mysql> SELECT 4+1;
+-----+
| 4+1 |
+-----+
|   5 |
+-----+
1 row in set (0.00 sec)

mysql> ^C
mysql> CREATE DATABASE khtworkbook
    ->  CREATE DATABASE khtworkbook;
ERROR 1064 (42000): You have an error in your SQL syntax; check the manual that corresponds to your MySQL server version for the right syntax to use near 'CREATE DATABASE khtworkbook' at line 2
mysql> create database 'khtworkbook';
ERROR 1064 (42000): You have an error in your SQL syntax; check the manual that corresponds to your MySQL server version for the right syntax to use near ''khtworkbook'' at line 1
mysql> create database khtworkbook;
Query OK, 1 row affected (0.01 sec)

mysql> CREATE USER 'khttest'@'%' IDENTIFIED BY 'kht1234;
    '>  CREATE USER 'khttest'@'%' IDENTIFIED BY 'kht1234';
    '> ^C
mysql> create database khtworkbook;
ERROR 1007 (HY000): Can't create database 'khtworkbook'; database exists

------------------------------------------------------
Microsoft Windows [Version 10.0.19045.5131]
(c) Microsoft Corporation. All rights reserved.

C:\Users\user1>mysql -u root -p
Enter password: *******
Welcome to the MySQL monitor.  Commands end with ; or \g.
Your MySQL connection id is 26
Server version: 8.0.40 MySQL Community Server - GPL

Copyright (c) 2000, 2024, Oracle and/or its affiliates.

Oracle is a registered trademark of Oracle Corporation and/or its
affiliates. Other names may be trademarks of their respective
owners.

Type 'help;' or '\h' for help. Type '\c' to clear the current input statement.

mysql> create database KHTSHOPPING;
Query OK, 1 row affected (0.01 sec)

mysql> create database KHTUSER;
Query OK, 1 row affected (0.01 sec)

mysql> create database KHTCAFE;
Query OK, 1 row affected (0.00 sec)

mysql> create user 'president'@'%' identified by 'kht1234';
Query OK, 0 rows affected (0.01 sec)

mysql> grant all privieges on KHTSHOPPING.* to 'president'@'%';
ERROR 1064 (42000): You have an error in your SQL syntax; check the manual that corresponds to your MySQL server version for the right syntax to use near 'privieges on KHTSHOPPING.* to 'president'@'%'' at line 1
mysql> grant all privileges on KHTSHOPPING.* to 'president'@'%';
Query OK, 0 rows affected (0.00 sec)

mysql> grant all privileges on KHTUSER.* to 'president'@'%';
Query OK, 0 rows affected (0.00 sec)

mysql> grant all privieges on KHTCAFE.* to 'president'@'%';
ERROR 1064 (42000): You have an error in your SQL syntax; check the manual that corresponds to your MySQL server version for the right syntax to use near 'privieges on KHTCAFE.* to 'president'@'%'' at line 1
mysql> grant all privieges on KHTCAFE.* to 'president'@'%';
ERROR 1064 (42000): You have an error in your SQL syntax; check the manual that corresponds to your MySQL server version for the right syntax to use near 'privieges on KHTCAFE.* to 'president'@'%'' at line 1
mysql>  grant all privileges on KHTCAFE.* to 'president'@'%';
Query OK, 0 rows affected (0.00 sec)

mysql> EXIT

